<testsuites name="results">
  <testsuite name="all" package="all">
    <property name="random_seed" value="1743338837" />
    <testcase name="test" classname="ScanChain_starter" file="/home/user/18624/ex9-scanning-chains-singrongchiu/ScanChain_starter.py" lineno="249" time="0.018596172332763672" sim_time_ns="540.001" ratio_time="29038.287575373728" />
  </testsuite>
</testsuites>
